// Jest Snapshot v1, https://goo.gl/fbAQLP

exports[`App snapshot snapshot 1`] = `
<div
  className="app"
>
  <div
    className="navigation"
  >
    <div
      className="MuiPaper-root MuiPaper-elevation MuiPaper-rounded MuiPaper-elevation10 navigation__menu css-14epxft-MuiPaper-root"
    >
      <ul
        className="MuiList-root MuiList-padding navigation__links css-h4y409-MuiList-root"
        onKeyDown={[Function]}
        role="menu"
        tabIndex={-1}
      >
        <li
          className="MuiMenuItem-root MuiMenuItem-gutters MuiButtonBase-root navigation__link_wrapper_active css-kk1bwy-MuiButtonBase-root-MuiMenuItem-root"
          onBlur={[Function]}
          onContextMenu={[Function]}
          onDragLeave={[Function]}
          onFocus={[Function]}
          onKeyDown={[Function]}
          onKeyUp={[Function]}
          onMouseDown={[Function]}
          onMouseLeave={[Function]}
          onMouseUp={[Function]}
          onTouchEnd={[Function]}
          onTouchMove={[Function]}
          onTouchStart={[Function]}
          role="menuitem"
          tabIndex={0}
        >
          <a
            className="navigation__link"
            href="/"
            onClick={[Function]}
          >
            <svg
              aria-hidden={true}
              className="MuiSvgIcon-root MuiSvgIcon-fontSizeMedium navigation__link_icon css-i4bv87-MuiSvgIcon-root"
              data-testid="MapIcon"
              focusable="false"
              viewBox="0 0 24 24"
            >
              <path
                d="m20.5 3-.16.03L15 5.1 9 3 3.36 4.9c-.21.07-.36.25-.36.48V20.5c0 .28.22.5.5.5l.16-.03L9 18.9l6 2.1 5.64-1.9c.21-.07.36-.25.36-.48V3.5c0-.28-.22-.5-.5-.5zM15 19l-6-2.11V5l6 2.11V19z"
              />
            </svg>
            Map
          </a>
        </li>
        <li
          className="MuiMenuItem-root MuiMenuItem-gutters MuiButtonBase-root navigation__link_wrapper css-kk1bwy-MuiButtonBase-root-MuiMenuItem-root"
          onBlur={[Function]}
          onContextMenu={[Function]}
          onDragLeave={[Function]}
          onFocus={[Function]}
          onKeyDown={[Function]}
          onKeyUp={[Function]}
          onMouseDown={[Function]}
          onMouseLeave={[Function]}
          onMouseUp={[Function]}
          onTouchEnd={[Function]}
          onTouchMove={[Function]}
          onTouchStart={[Function]}
          role="menuitem"
          tabIndex={-1}
        >
          <a
            className="navigation__link"
            href="/drawing-bar"
            onClick={[Function]}
          >
            <svg
              aria-hidden={true}
              className="MuiSvgIcon-root MuiSvgIcon-fontSizeMedium navigation__link_icon css-i4bv87-MuiSvgIcon-root"
              data-testid="BrushIcon"
              focusable="false"
              viewBox="0 0 24 24"
            >
              <path
                d="M7 14c-1.66 0-3 1.34-3 3 0 1.31-1.16 2-2 2 .92 1.22 2.49 2 4 2 2.21 0 4-1.79 4-4 0-1.66-1.34-3-3-3zm13.71-9.37-1.34-1.34a.9959.9959 0 0 0-1.41 0L9 12.25 11.75 15l8.96-8.96c.39-.39.39-1.02 0-1.41z"
              />
            </svg>
            Draw
          </a>
        </li>
        <li
          className="MuiMenuItem-root MuiMenuItem-gutters MuiButtonBase-root navigation__link_wrapper css-kk1bwy-MuiButtonBase-root-MuiMenuItem-root"
          onBlur={[Function]}
          onContextMenu={[Function]}
          onDragLeave={[Function]}
          onFocus={[Function]}
          onKeyDown={[Function]}
          onKeyUp={[Function]}
          onMouseDown={[Function]}
          onMouseLeave={[Function]}
          onMouseUp={[Function]}
          onTouchEnd={[Function]}
          onTouchMove={[Function]}
          onTouchStart={[Function]}
          role="menuitem"
          tabIndex={-1}
        >
          <a
            className="navigation__link"
            href="/marker-list"
            onClick={[Function]}
          >
            <svg
              aria-hidden={true}
              className="MuiSvgIcon-root MuiSvgIcon-fontSizeMedium navigation__link_icon css-i4bv87-MuiSvgIcon-root"
              data-testid="ListAltIcon"
              focusable="false"
              viewBox="0 0 24 24"
            >
              <path
                d="M19 5v14H5V5h14m1.1-2H3.9c-.5 0-.9.4-.9.9v16.2c0 .4.4.9.9.9h16.2c.4 0 .9-.5.9-.9V3.9c0-.5-.5-.9-.9-.9zM11 7h6v2h-6V7zm0 4h6v2h-6v-2zm0 4h6v2h-6zM7 7h2v2H7zm0 4h2v2H7zm0 4h2v2H7z"
              />
            </svg>
            Markers
          </a>
        </li>
      </ul>
    </div>
  </div>
  <div
    id="map"
  />
</div>
`;
