// Jest Snapshot v1, https://goo.gl/fbAQLP

exports[`MarkerList snapshot snapshot 1`] = `
<div
  className="MuiPaper-root MuiPaper-elevation MuiPaper-rounded MuiPaper-elevation10 marker-list css-14epxft-MuiPaper-root"
>
  <div
    className="MuiPaper-root MuiPaper-elevation MuiPaper-rounded MuiPaper-elevation1 marker-list__no-markers css-1ps6pg7-MuiPaper-root"
  >
    You didn't create markers
    <a
      className="marker-list__no-markers_link"
      href="/drawing-bar"
      onClick={[Function]}
    >
      Create marker
    </a>
  </div>
</div>
`;
